python : ..
At line:1 char:1
+ python g:\Truthlens\tmp_test_fetc
her_mock.py 2>&1 | tee 
g:\Truthlens\ ...
+ ~~~~~~~~~~~~~~~~~~~~~~~~~~~~~~~~~
~~~~~~~~~~~~~~~~
    + CategoryInfo          : NotS 
   pecified: (..:String) [], Remo  
  teException
    + FullyQualifiedErrorId : Nati 
   veCommandError
 
-----------------------------------
-----------------------------------
Ran 2 tests in 0.012s

OK
FETCHED TEXT LENGTH: 23
FETCH SAMPLE: Paragraph 1 Paragraph 2
HEADLINE: Headline
TEXT: Paragraph 1 Paragraph 2
BS4 broad extraction test passed!
Fallback triggered - using raw text input
FETCHED TEXT LENGTH: 108
FETCH SAMPLE: This is a long manual input text that should be used as a fallback because the scraped content is too short.
FETCHED TEXT LENGTH: 108
Fallback test passed!
